W: Polygon #111 cleared out of existence near (2.2225 mm, 8.5725 mm)
W: Polygon #116 cleared out of existence near (8.5725 mm, 8.5725 mm)
x: fullpoly: Multi-island polygon with the fullpoly flag
within (259.38, 9.38, 415.63, 165.63) mil
required value 0.00
Polygon with the fullpoly flag set is cut into multiple islands

