x: text_char: Invalid character in text
within (-21.75, 253.12, 525.75, 351.88) mil
Text object contains character(s) that will not render with the given font Details: Number of invalid characters:1

x: text_char: Invalid character in text
within (-23.88, 326.25, 544.88, 443.75) mil
Text object contains character(s) that will not render with the given font Details: Number of invalid characters:1

