x: shorted nets: net too close to other net
within (23.98, 7.31, 126.02, 183.43) mil
required value 0.00
insufficient clearance between an object of the network and objects of other networks

x: shorted nets: net too close to other net
within (23.98, 7.31, 126.02, 183.43) mil
required value 0.00
insufficient clearance between an object of the network and objects of other networks

x: broken net: insufficient overlap
within (17.50, 111.25, 91.76, 248.01) mil
required value 0.00
the overlap between two objects in the net is insufficient and can lead to broken network during board fabrication

