x: shorted nets: net too close to other net (zone)
within (396.78, 131.15, 678.22, 568.85) mil
required value 20.00 mil
insufficient clearance between an object of the network and objects of other networks

x: shorted nets: net too close to other net (zone)
within (362.40, 284.28, 487.60, 440.72) mil
required value 20.00 mil
insufficient clearance between an object of the network and objects of other networks

