I: *** PRE  ***
*** report 'Drill Report' begin ***
There are 6 different drill sizes used in this layout, 6 holes total

Drill Diam. (mm)	# of Pins	# of Vias	# of Elements	# Unplated
    1.0000			0		1		0				0
    1.5000			0		1		0				0
    2.0000			0		1		0				0
    2.5000			0		1		0				0
    3.0000			0		1		0				0
    3.5000			0		1		0				0

*** report 'Drill Report' end ***
I: Loaded 2 vendor drills from skip_value.lht
I: Loaded 1 skips for 1 different attributes
I: Vendor mapping skipped because value = 1 matches ^1
I: Vendor mapping skipped because value = 1 matches ^1
I: Updated 4 drill sizes out of 4 total
I: Adjusted active via hole size to be 11.81 mils
I: *** POST ***
*** report 'Drill Report' begin ***
There are 3 different drill sizes used in this layout, 6 holes total

Drill Diam. (mm)	# of Pins	# of Vias	# of Elements	# Unplated
    0.3000			0		4		0				0
    2.0000			0		1		0				0
    2.5000			0		1		0				0

*** report 'Drill Report' end ***
