I: *** PRE  ***
*** report 'Drill Report' begin ***
There are 6 different drill sizes used in this layout, 6 holes total

Drill Diam. (mm)	# of Pins	# of Vias	# of Elements	# Unplated
    1.0000			0		1		0				0
    1.5000			0		1		0				0
    2.0000			0		1		0				0
    2.5000			0		1		0				0
    3.0000			0		1		0				0
    3.5000			0		1		0				0

*** report 'Drill Report' end ***
I: Loaded 2 vendor drills from /home/igor2/C/pcb-rnd/trunk/tests/vendordrill/skip_refdes.lht
I: Loaded 1 skips for 1 different attributes
I: Vendor mapping skipped because refdes = U1 matches ^U[1-3]$
I: Vendor mapping skipped because refdes = U2 matches ^U[1-3]$
I: Vendor mapping skipped because refdes = U3 matches ^U[1-3]$
I: Updated 3 drill sizes out of 3 total
I: Adjusted active via hole size to be 11.81 mils
I: *** POST ***
*** report 'Drill Report' begin ***
There are 4 different drill sizes used in this layout, 6 holes total

Drill Diam. (mm)	# of Pins	# of Vias	# of Elements	# Unplated
    0.3000			0		3		0				0
    1.5000			0		1		0				0
    2.0000			0		1		0				0
    2.5000			0		1		0				0

*** report 'Drill Report' end ***
