Netlist(Freeze)
Netlist(Clear)
Netlist(Add,unnamed_net2,C3-2)
Netlist(Add,unnamed_net2,CONN2-1)
Netlist(Add,unnamed_net2,U1-3)
Netlist(Add,GND,C3-1)
Netlist(Add,GND,CONN2-2)
Netlist(Add,GND,CONN1-2)
Netlist(Add,GND,C1-2)
Netlist(Add,GND,C2-1)
Netlist(Add,GND,U1-2)
Netlist(Add,unnamed_net1,C2-2)
Netlist(Add,unnamed_net1,C1-1)
Netlist(Add,unnamed_net1,CONN1-1)
Netlist(Add,unnamed_net1,U1-1)
Netlist(Sort)
Netlist(Thaw)
ElementList(Start)
ElementList(Need,"C3","1206","unknown")
ElementSetAttr("C3","device","CAPACITOR")
ElementSetAttr("C3","manufacturer","unknown")
ElementSetAttr("C3","manufacturer_part_number","unknown")
ElementSetAttr("C3","vendor","unknown")
ElementSetAttr("C3","vendor_part_number","unknown")
ChangePinName("C3", 2, "2")
ChangePinName("C3", 1, "1")
ElementList(Need,"CONN2","connector(1,2)","unknown")
ElementSetAttr("CONN2","device","CONNECTOR_2")
ElementSetAttr("CONN2","manufacturer","unknown")
ElementSetAttr("CONN2","manufacturer_part_number","unknown")
ElementSetAttr("CONN2","vendor","unknown")
ElementSetAttr("CONN2","vendor_part_number","unknown")
ChangePinName("CONN2", 2, "2")
ChangePinName("CONN2", 1, "1")
ElementList(Need,"CONN1","connector(1,2)","unknown")
ElementSetAttr("CONN1","device","CONNECTOR_2")
ElementSetAttr("CONN1","manufacturer","unknown")
ElementSetAttr("CONN1","manufacturer_part_number","unknown")
ElementSetAttr("CONN1","vendor","unknown")
ElementSetAttr("CONN1","vendor_part_number","unknown")
ChangePinName("CONN1", 2, "2")
ChangePinName("CONN1", 1, "1")
ElementList(Need,"C1","TANT_A","unknown")
ElementSetAttr("C1","device","POLARIZED_CAPACITOR")
ElementSetAttr("C1","manufacturer","unknown")
ElementSetAttr("C1","manufacturer_part_number","unknown")
ElementSetAttr("C1","vendor","unknown")
ElementSetAttr("C1","vendor_part_number","unknown")
ChangePinName("C1", 2, "-")
ChangePinName("C1", 1, "+")
ElementList(Need,"C2","1206","unknown")
ElementSetAttr("C2","device","CAPACITOR")
ElementSetAttr("C2","manufacturer","unknown")
ElementSetAttr("C2","manufacturer_part_number","unknown")
ElementSetAttr("C2","vendor","unknown")
ElementSetAttr("C2","vendor_part_number","unknown")
ChangePinName("C2", 2, "2")
ChangePinName("C2", 1, "1")
ElementList(Need,"U1","TO220","unknown")
ElementSetAttr("U1","device","7805")
ElementSetAttr("U1","manufacturer","unknown")
ElementSetAttr("U1","manufacturer_part_number","unknown")
ElementSetAttr("U1","vendor","unknown")
ElementSetAttr("U1","vendor_part_number","unknown")
ChangePinName("U1", 3, "3")
ChangePinName("U1", 2, "2")
ChangePinName("U1", 1, "1")
ElementList(Done)
