<?xml version="1.0"?>
<svg xmlns="http://www.w3.org/2000/svg" xmlns:xlink="http://www.w3.org/1999/xlink" version="1.0" width="1000" height="1000" viewBox="0 0 1000 1000">
<path d="M 100 100 M 10 0 M 0 10 M 3 7 l 10 10




" style="stroke:green;stroke-width:3;fill:none;" />


<line x1="3.000" y1="7.000" x2="13.000" y2="17.000" stroke="black" />

<!-- res=0 -->
</svg>
