<?xml version="1.0"?>
<svg xmlns="http://www.w3.org/2000/svg" xmlns:xlink="http://www.w3.org/1999/xlink" version="1.0" width="1000" height="1000" viewBox="0 0 1000 1000">
<path d="m 100 100 m 10 0 m 0 10 m 3 7 l 10 10






" style="stroke:green;stroke-width:3;fill:none;" />


<line x1="113.000" y1="117.000" x2="123.000" y2="127.000" stroke="black" />

<!-- res=0 -->
</svg>
